rtf_avg: -0.000: 100%|████████████████████████████████████████████████████████████████████████████████████████████████████████████████████████████████████████████████████████████████████████████████████████████| 1/1 [00:00<00:00, 2417.47it/s]
02:58:03 | INFO     | session=86e73a36 save_chunk#17 file=chunk_17_4096.wav samples=4096 rms=0.028826
02:58:03 | INFO     | ✅ 标准音频输入: RMS=0.028826, 时长=0.26s
02:58:03 | INFO     | AGC已应用: 原始RMS=0.003913, 增益=7.67
rtf_avg: -0.000: 100%|████████████████████████████████████████████████████████████████████████████████████████████████████████████████████████████████████████████████████████████████████████████████████████████| 1/1 [00:00<00:00, 2581.11it/s]
02:58:03 | INFO     | session=86e73a36 save_chunk#18 file=chunk_18_4096.wav samples=4096 rms=0.030000
02:58:03 | INFO     | ✅ 标准音频输入: RMS=0.030000, 时长=0.26s
02:58:03 | INFO     | AGC已应用: 原始RMS=0.004066, 增益=7.38
rtf_avg: -0.000: 100%|████████████████████████████████████████████████████████████████████████████████████████████████████████████████████████████████████████████████████████████████████████████████████████████| 1/1 [00:00<00:00, 2114.06it/s]
02:58:03 | INFO     | session=86e73a36 save_chunk#19 file=chunk_19_4096.wav samples=4096 rms=0.030000
02:58:03 | INFO     | ✅ 标准音频输入: RMS=0.030000, 时长=0.26s
02:58:03 | INFO     | AGC已应用: 原始RMS=0.003411, 增益=8.80
rtf_avg: -0.000: 100%|████████████████████████████████████████████████████████████████████████████████████████████████████████████████████████████████████████████████████████████████████████████████████████████| 1/1 [00:00<00:00, 2562.19it/s]
02:58:03 | INFO     | session=86e73a36 save_chunk#20 file=chunk_20_4096.wav samples=4096 rms=0.030000
02:58:03 | INFO     | ✅ 标准音频输入: RMS=0.030000, 时长=0.26s
02:58:04 | INFO     | AGC已应用: 原始RMS=0.003445, 增益=8.71
rtf_avg: -0.000: 100%|████████████████████████████████████████████████████████████████████████████████████████████████████████████████████████████████████████████████████████████████████████████████████████████| 1/1 [00:00<00:00, 2316.02it/s]
02:58:04 | INFO     | session=86e73a36 save_chunk#21 file=chunk_21_4096.wav samples=4096 rms=0.030000
02:58:04 | INFO     | ✅ 标准音频输入: RMS=0.030000, 时长=0.26s
02:58:04 | INFO     | AGC已应用: 原始RMS=0.003683, 增益=8.15
rtf_avg: -0.000: 100%|████████████████████████████████████████████████████████████████████████████████████████████████████████████████████████████████████████████████████████████████████████████████████████████| 1/1 [00:00<00:00, 2513.06it/s]
02:58:04 | INFO     | session=86e73a36 save_chunk#22 file=chunk_22_4096.wav samples=4096 rms=0.030000
02:58:04 | INFO     | ✅ 标准音频输入: RMS=0.030000, 时长=0.26s
02:58:04 | INFO     | AGC已应用: 原始RMS=0.004097, 增益=7.32
rtf_avg: -0.000: 100%|████████████████████████████████████████████████████████████████████████████████████████████████████████████████████████████████████████████████████████████████████████████████████████████| 1/1 [00:00<00:00, 1750.54it/s]
02:58:04 | INFO     | session=86e73a36 save_chunk#23 file=chunk_23_4096.wav samples=4096 rms=0.030000
02:58:04 | INFO     | ✅ 标准音频输入: RMS=0.030000, 时长=0.26s
02:58:04 | INFO     | AGC已应用: 原始RMS=0.004283, 增益=7.01
rtf_avg: -0.000: 100%|████████████████████████████████████████████████████████████████████████████████████████████████████████████████████████████████████████████████████████████████████████████████████████████| 1/1 [00:00<00:00, 2321.14it/s]
02:58:04 | INFO     | session=86e73a36 save_chunk#24 file=chunk_24_4096.wav samples=4096 rms=0.030000
02:58:04 | INFO     | ✅ 标准音频输入: RMS=0.030000, 时长=0.26s
02:58:05 | INFO     | AGC已应用: 原始RMS=0.003470, 增益=8.65
rtf_avg: -0.000: 100%|████████████████████████████████████████████████████████████████████████████████████████████████████████████████████████████████████████████████████████████████████████████████████████████| 1/1 [00:00<00:00, 2352.39it/s]
02:58:05 | INFO     | session=86e73a36 save_chunk#25 file=chunk_25_4096.wav samples=4096 rms=0.030000
02:58:05 | INFO     | ✅ 标准音频输入: RMS=0.030000, 时长=0.26s
02:58:05 | INFO     | AGC已应用: 原始RMS=0.003199, 增益=9.38
rtf_avg: -0.000: 100%|████████████████████████████████████████████████████████████████████████████████████████████████████████████████████████████████████████████████████████████████████████████████████████████| 1/1 [00:00<00:00, 2501.08it/s]
02:58:05 | INFO     | session=86e73a36 save_chunk#26 file=chunk_26_4096.wav samples=4096 rms=0.030000
02:58:05 | INFO     | ✅ 标准音频输入: RMS=0.030000, 时长=0.26s
02:58:05 | INFO     | AGC已应用: 原始RMS=0.004278, 增益=7.01
rtf_avg: -0.000: 100%|████████████████████████████████████████████████████████████████████████████████████████████████████████████████████████████████████████████████████████████████████████████████████████████| 1/1 [00:00<00:00, 2167.60it/s]
02:58:05 | INFO     | session=86e73a36 save_chunk#27 file=chunk_27_4096.wav samples=4096 rms=0.030000
02:58:05 | INFO     | ✅ 标准音频输入: RMS=0.030000, 时长=0.26s
rtf_avg: -0.000: 100%|████████████████████████████████████████████████████████████████████████████████████████████████████████████████████████████████████████████████████████████████████████████████████████████| 1/1 [00:00<00:00, 2353.71it/s]
02:58:05 | INFO     | session=86e73a36 save_chunk#28 file=chunk_28_4096.wav samples=4096 rms=0.005230
02:58:06 | INFO     | AGC已应用: 原始RMS=0.003362, 增益=8.92
rtf_avg: -0.000: 100%|████████████████████████████████████████████████████████████████████████████████████████████████████████████████████████████████████████████████████████████████████████████████████████████| 1/1 [00:00<00:00, 2449.94it/s]
02:58:06 | INFO     | session=86e73a36 save_chunk#29 file=chunk_29_4096.wav samples=4096 rms=0.030000
02:58:06 | INFO     | ✅ 标准音频输入: RMS=0.030000, 时长=0.26s
02:58:06 | INFO     | AGC已应用: 原始RMS=0.003357, 增益=8.94
rtf_avg: -0.000: 100%|████████████████████████████████████████████████████████████████████████████████████████████████████████████████████████████████████████████████████████████████████████████████████████████| 1/1 [00:00<00:00, 2532.79it/s]
02:58:06 | INFO     | session=86e73a36 save_chunk#30 file=chunk_30_4096.wav samples=4096 rms=0.030000
02:58:06 | INFO     | ✅ 标准音频输入: RMS=0.030000, 时长=0.26s
rtf_avg: -0.000: 100%|████████████████████████████████████████████████████████████████████████████████████████████████████████████████████████████████████████████████████████████████████████████████████████████| 1/1 [00:00<00:00, 2345.81it/s]
02:58:06 | INFO     | session=86e73a36 save_chunk#31 file=chunk_31_4096.wav samples=4096 rms=0.006471
rtf_avg: -0.000: 100%|████████████████████████████████████████████████████████████████████████████████████████████████████████████████████████████████████████████████████████████████████████████████████████████| 1/1 [00:00<00:00, 2427.26it/s]
02:58:06 | INFO     | session=86e73a36 save_chunk#32 file=chunk_32_4096.wav samples=4096 rms=0.008314
rtf_avg: -0.000: 100%|████████████████████████████████████████████████████████████████████████████████████████████████████████████████████████████████████████████████████████████████████████████████████████████| 1/1 [00:00<00:00, 2308.37it/s]
02:58:07 | INFO     | session=86e73a36 save_chunk#33 file=chunk_33_4096.wav samples=4096 rms=0.007719
rtf_avg: -0.000: 100%|████████████████████████████████████████████████████████████████████████████████████████████████████████████████████████████████████████████████████████████████████████████████████████████| 1/1 [00:00<00:00, 2510.06it/s]
02:58:07 | INFO     | session=86e73a36 save_chunk#34 file=chunk_34_4096.wav samples=4096 rms=0.006240
rtf_avg: -0.000: 100%|████████████████████████████████████████████████████████████████████████████████████████████████████████████████████████████████████████████████████████████████████████████████████████████| 1/1 [00:00<00:00, 2589.08it/s]
02:58:07 | INFO     | session=86e73a36 save_chunk#35 file=chunk_35_4096.wav samples=4096 rms=0.008788
rtf_avg: -0.000: 100%|████████████████████████████████████████████████████████████████████████████████████████████████████████████████████████████████████████████████████████████████████████████████████████████| 1/1 [00:00<00:00, 2661.36it/s]
02:58:07 | INFO     | session=86e73a36 save_chunk#36 file=chunk_36_4096.wav samples=4096 rms=0.007902
rtf_avg: -0.000: 100%|████████████████████████████████████████████████████████████████████████████████████████████████████████████████████████████████████████████████████████████████████████████████████████████| 1/1 [00:00<00:00, 2040.03it/s]
02:58:08 | INFO     | session=86e73a36 save_chunk#37 file=chunk_37_4096.wav samples=4096 rms=0.010051
02:58:08 | INFO     | ✅ 标准音频输入: RMS=0.010051, 时长=0.26s
rtf_avg: -0.000: 100%|████████████████████████████████████████████████████████████████████████████████████████████████████████████████████████████████████████████████████████████████████████████████████████████| 1/1 [00:00<00:00, 2368.33it/s]
02:58:08 | INFO     | session=86e73a36 save_chunk#38 file=chunk_38_4096.wav samples=4096 rms=0.006766
02:58:08 | INFO     | AGC已应用: 原始RMS=0.002303, 增益=10.00
rtf_avg: -0.000: 100%|████████████████████████████████████████████████████████████████████████████████████████████████████████████████████████████████████████████████████████████████████████████████████████████| 1/1 [00:00<00:00, 2554.39it/s]
02:58:08 | INFO     | session=86e73a36 save_chunk#39 file=chunk_39_4096.wav samples=4096 rms=0.023033
02:58:08 | INFO     | ✅ 标准音频输入: RMS=0.023033, 时长=0.26s
02:58:08 | INFO     | AGC已应用: 原始RMS=0.003376, 增益=8.89
rtf_avg: -0.000: 100%|████████████████████████████████████████████████████████████████████████████████████████████████████████████████████████████████████████████████████████████████████████████████████████████| 1/1 [00:00<00:00, 2517.59it/s]
02:58:09 | INFO     | session=86e73a36 save_chunk#40 file=chunk_40_4096.wav samples=4096 rms=0.030000
02:58:09 | INFO     | ✅ 标准音频输入: RMS=0.030000, 时长=0.26s
02:58:09 | INFO     | AGC已应用: 原始RMS=0.003187, 增益=9.41
rtf_avg: -0.000: 100%|████████████████████████████████████████████████████████████████████████████████████████████████████████████████████████████████████████████████████████████████████████████████████████████| 1/1 [00:00<00:00, 2238.16it/s]
02:58:09 | INFO     | session=86e73a36 save_chunk#41 file=chunk_41_4096.wav samples=4096 rms=0.030000
02:58:09 | INFO     | ✅ 标准音频输入: RMS=0.030000, 时长=0.26s
02:58:09 | INFO     | AGC已应用: 原始RMS=0.002589, 增益=10.00
rtf_avg: -0.000: 100%|████████████████████████████████████████████████████████████████████████████████████████████████████████████████████████████████████████████████████████████████████████████████████████████| 1/1 [00:00<00:00, 2576.35it/s]
02:58:09 | INFO     | session=86e73a36 save_chunk#42 file=chunk_42_4096.wav samples=4096 rms=0.025886
02:58:09 | INFO     | ✅ 标准音频输入: RMS=0.025886, 时长=0.26s
02:58:09 | INFO     | AGC已应用: 原始RMS=0.003385, 增益=8.86
rtf_avg: -0.000: 100%|████████████████████████████████████████████████████████████████████████████████████████████████████████████████████████████████████████████████████████████████████████████████████████████| 1/1 [00:00<00:00, 2674.94it/s]
02:58:09 | INFO     | session=86e73a36 save_chunk#43 file=chunk_43_4096.wav samples=4096 rms=0.030000
02:58:09 | INFO     | ✅ 标准音频输入: RMS=0.030000, 时长=0.26s
02:58:09 | WARNING  | ⚠️ 系统监控报告 [WARNING]
⏱️  运行时间: 0.1小时
🖥️  CPU: 0.1% | 内存: 10.7%
🎯  识别成功率: 0.0% (0次)
⚡  平均延迟: 0.0ms
🔊  音频质量: RMS=0.0000
🌐  活跃连接: 0个
📚  词汇模式: lite
02:58:10 | INFO     | AGC已应用: 原始RMS=0.003962, 增益=7.57
rtf_avg: -0.000: 100%|████████████████████████████████████████████████████████████████████████████████████████████████████████████████████████████████████████████████████████████████████████████████████████████| 1/1 [00:00<00:00, 2543.54it/s]
02:58:10 | INFO     | session=86e73a36 save_chunk#44 file=chunk_44_4096.wav samples=4096 rms=0.030000
02:58:10 | INFO     | ✅ 标准音频输入: RMS=0.030000, 时长=0.26s
02:58:10 | INFO     | AGC已应用: 原始RMS=0.002871, 增益=10.00
rtf_avg: -0.000: 100%|████████████████████████████████████████████████████████████████████████████████████████████████████████████████████████████████████████████████████████████████████████████████████████████| 1/1 [00:00<00:00, 2517.59it/s]
02:58:10 | INFO     | session=86e73a36 save_chunk#45 file=chunk_45_4096.wav samples=4096 rms=0.028714
02:58:10 | INFO     | ✅ 标准音频输入: RMS=0.028714, 时长=0.26s
02:58:10 | INFO     | AGC已应用: 原始RMS=0.002978, 增益=10.00
rtf_avg: -0.000: 100%|████████████████████████████████████████████████████████████████████████████████████████████████████████████████████████████████████████████████████████████████████████████████████████████| 1/1 [00:00<00:00, 2593.88it/s]
02:58:10 | INFO     | session=86e73a36 save_chunk#46 file=chunk_46_4096.wav samples=4096 rms=0.029785
02:58:10 | INFO     | ✅ 标准音频输入: RMS=0.029785, 时长=0.26s
02:58:10 | INFO     | AGC已应用: 原始RMS=0.003215, 增益=9.33
rtf_avg: -0.000: 100%|████████████████████████████████████████████████████████████████████████████████████████████████████████████████████████████████████████████████████████████████████████████████████████████| 1/1 [00:00<00:00, 2562.19it/s]
02:58:10 | INFO     | session=86e73a36 save_chunk#47 file=chunk_47_4096.wav samples=4096 rms=0.030000
02:58:10 | INFO     | ✅ 标准音频输入: RMS=0.030000, 时长=0.26s
02:58:11 | INFO     | AGC已应用: 原始RMS=0.002446, 增益=10.00
rtf_avg: -0.000: 100%|████████████████████████████████████████████████████████████████████████████████████████████████████████████████████████████████████████████████████████████████████████████████████████████| 1/1 [00:00<00:00, 2336.66it/s]
02:58:11 | INFO     | session=86e73a36 save_chunk#48 file=chunk_48_4096.wav samples=4096 rms=0.024462
02:58:11 | INFO     | ✅ 标准音频输入: RMS=0.024462, 时长=0.26s
02:58:11 | INFO     | AGC已应用: 原始RMS=0.002587, 增益=10.00
rtf_avg: -0.000: 100%|████████████████████████████████████████████████████████████████████████████████████████████████████████████████████████████████████████████████████████████████████████████████████████████| 1/1 [00:00<00:00, 2522.13it/s]
02:58:11 | INFO     | session=86e73a36 save_chunk#49 file=chunk_49_4096.wav samples=4096 rms=0.025865
02:58:11 | INFO     | ✅ 标准音频输入: RMS=0.025865, 时长=0.26s
rtf_avg: -0.000: 100%|████████████████████████████████████████████████████████████████████████████████████████████████████████████████████████████████████████████████████████████████████████████████████████████| 1/1 [00:00<00:00, 2404.99it/s]
02:58:11 | INFO     | session=86e73a36 save_chunk#50 file=chunk_50_4096.wav samples=4096 rms=0.005533
rtf_avg: -0.000: 100%|████████████████████████████████████████████████████████████████████████████████████████████████████████████████████████████████████████████████████████████████████████████████████████████| 1/1 [00:00<00:00, 2528.21it/s]
02:58:11 | INFO     | session=86e73a36 save_chunk#51 file=chunk_51_4096.wav samples=4096 rms=0.008358
rtf_avg: -0.000: 100%|████████████████████████████████████████████████████████████████████████████████████████████████████████████████████████████████████████████████████████████████████████████████████████████| 1/1 [00:00<00:00, 2473.06it/s]
02:58:12 | INFO     | session=86e73a36 save_chunk#52 file=chunk_52_4096.wav samples=4096 rms=0.006552
02:58:12 | INFO     | AGC已应用: 原始RMS=0.004966, 增益=6.04
rtf_avg: -0.000: 100%|████████████████████████████████████████████████████████████████████████████████████████████████████████████████████████████████████████████████████████████████████████████████████████████| 1/1 [00:00<00:00, 2522.13it/s]
02:58:12 | INFO     | session=86e73a36 save_chunk#53 file=chunk_53_4096.wav samples=4096 rms=0.030000
02:58:12 | INFO     | ✅ 标准音频输入: RMS=0.030000, 时长=0.26s
02:58:12 | INFO     | AGC已应用: 原始RMS=0.003601, 增益=8.33
rtf_avg: -0.000: 100%|████████████████████████████████████████████████████████████████████████████████████████████████████████████████████████████████████████████████████████████████████████████████████████████| 1/1 [00:00<00:00, 2626.36it/s]
02:58:12 | INFO     | session=86e73a36 save_chunk#54 file=chunk_54_4096.wav samples=4096 rms=0.030000
02:58:12 | INFO     | ✅ 标准音频输入: RMS=0.030000, 时长=0.26s
02:58:12 | INFO     | AGC已应用: 原始RMS=0.004474, 增益=6.71
rtf_avg: -0.000: 100%|████████████████████████████████████████████████████████████████████████████████████████████████████████████████████████████████████████████████████████████████████████████████████████████| 1/1 [00:00<00:00, 2552.83it/s]
02:58:12 | INFO     | session=86e73a36 save_chunk#55 file=chunk_55_4096.wav samples=4096 rms=0.030000
02:58:12 | INFO     | ✅ 标准音频输入: RMS=0.030000, 时长=0.26s
02:58:13 | INFO     | AGC已应用: 原始RMS=0.004319, 增益=6.95
rtf_avg: -0.000: 100%|████████████████████████████████████████████████████████████████████████████████████████████████████████████████████████████████████████████████████████████████████████████████████████████| 1/1 [00:00<00:00, 2549.73it/s]
02:58:13 | INFO     | session=86e73a36 save_chunk#56 file=chunk_56_4096.wav samples=4096 rms=0.030000
02:58:13 | INFO     | ✅ 标准音频输入: RMS=0.030000, 时长=0.26s
rtf_avg: -0.000: 100%|████████████████████████████████████████████████████████████████████████████████████████████████████████████████████████████████████████████████████████████████████████████████████████████| 1/1 [00:00<00:00, 2606.78it/s]
02:58:13 | INFO     | session=86e73a36 save_chunk#57 file=chunk_57_4096.wav samples=4096 rms=0.006495
02:58:13 | INFO     | AGC已应用: 原始RMS=0.003031, 增益=9.90
rtf_avg: -0.000: 100%|████████████████████████████████████████████████████████████████████████████████████████████████████████████████████████████████████████████████████████████████████████████████████████████| 1/1 [00:00<00:00, 2362.99it/s]
02:58:13 | INFO     | session=86e73a36 save_chunk#58 file=chunk_58_4096.wav samples=4096 rms=0.030000
02:58:13 | INFO     | ✅ 标准音频输入: RMS=0.030000, 时长=0.26s
rtf_avg: -0.000: 100%|████████████████████████████████████████████████████████████████████████████████████████████████████████████████████████████████████████████████████████████████████████████████████████████| 1/1 [00:00<00:00, 2502.57it/s]
02:58:13 | INFO     | session=86e73a36 save_chunk#59 file=chunk_59_4096.wav samples=4096 rms=0.009785
rtf_avg: -0.000: 100%|████████████████████████████████████████████████████████████████████████████████████████████████████████████████████████████████████████████████████████████████████████████████████████████| 1/1 [00:00<00:00, 2493.64it/s]
02:58:14 | INFO     | session=86e73a36 save_chunk#60 file=chunk_60_4096.wav samples=4096 rms=0.007162
rtf_avg: -0.000: 100%|████████████████████████████████████████████████████████████████████████████████████████████████████████████████████████████████████████████████████████████████████████████████████████████| 1/1 [00:00<00:00, 1972.86it/s]
02:58:14 | INFO     | session=86e73a36 save_chunk#61 file=chunk_61_4096.wav samples=4096 rms=0.005715
rtf_avg: -0.000: 100%|████████████████████████████████████████████████████████████████████████████████████████████████████████████████████████████████████████████████████████████████████████████████████████████| 1/1 [00:00<00:00, 2535.85it/s]
02:58:14 | INFO     | session=86e73a36 save_chunk#62 file=chunk_62_4096.wav samples=4096 rms=0.008539
rtf_avg: -0.000: 100%|████████████████████████████████████████████████████████████████████████████████████████████████████████████████████████████████████████████████████████████████████████████████████████████| 1/1 [00:00<00:00, 2519.10it/s]
02:58:14 | INFO     | session=86e73a36 save_chunk#63 file=chunk_63_4096.wav samples=4096 rms=0.007848
rtf_avg: -0.000: 100%|████████████████████████████████████████████████████████████████████████████████████████████████████████████████████████████████████████████████████████████████████████████████████████████| 1/1 [00:00<00:00, 2490.68it/s]
02:58:15 | INFO     | session=86e73a36 save_chunk#64 file=chunk_64_4096.wav samples=4096 rms=0.006034
rtf_avg: -0.000: 100%|████████████████████████████████████████████████████████████████████████████████████████████████████████████████████████████████████████████████████████████████████████████████████████████| 1/1 [00:00<00:00, 2402.24it/s]
02:58:15 | INFO     | session=86e73a36 save_chunk#65 file=chunk_65_4096.wav samples=4096 rms=0.008746
rtf_avg: -0.000: 100%|████████████████████████████████████████████████████████████████████████████████████████████████████████████████████████████████████████████████████████████████████████████████████████████| 1/1 [00:00<00:00, 2377.72it/s]
02:58:15 | INFO     | session=86e73a36 save_chunk#66 file=chunk_66_4096.wav samples=4096 rms=0.008898
rtf_avg: -0.000: 100%|████████████████████████████████████████████████████████████████████████████████████████████████████████████████████████████████████████████████████████████████████████████████████████████| 1/1 [00:00<00:00, 2504.06it/s]
02:58:16 | INFO     | session=86e73a36 save_chunk#67 file=chunk_67_4096.wav samples=4096 rms=0.005905
rtf_avg: -0.000: 100%|████████████████████████████████████████████████████████████████████████████████████████████████████████████████████████████████████████████████████████████████████████████████████████████| 1/1 [00:00<00:00, 2475.98it/s]
02:58:16 | INFO     | session=86e73a36 save_chunk#68 file=chunk_68_4096.wav samples=4096 rms=0.006821
rtf_avg: -0.000: 100%|████████████████████████████████████████████████████████████████████████████████████████████████████████████████████████████████████████████████████████████████████████████████████████████| 1/1 [00:00<00:00, 2616.53it/s]
02:58:16 | INFO     | session=86e73a36 save_chunk#69 file=chunk_69_4096.wav samples=4096 rms=0.006940
rtf_avg: -0.000: 100%|████████████████████████████████████████████████████████████████████████████████████████████████████████████████████████████████████████████████████████████████████████████████████████████| 1/1 [00:00<00:00, 2531.26it/s]
02:58:16 | INFO     | session=86e73a36 save_chunk#70 file=chunk_70_4096.wav samples=4096 rms=0.008913
rtf_avg: -0.000: 100%|████████████████████████████████████████████████████████████████████████████████████████████████████████████████████████████████████████████████████████████████████████████████████████████| 1/1 [00:00<00:00, 2493.64it/s]
02:58:16 | INFO     | session=86e73a36 save_chunk#71 file=chunk_71_4096.wav samples=4096 rms=0.006767
02:58:17 | INFO     | AGC已应用: 原始RMS=0.002556, 增益=10.00
rtf_avg: -0.000: 100%|████████████████████████████████████████████████████████████████████████████████████████████████████████████████████████████████████████████████████████████████████████████████████████████| 1/1 [00:00<00:00, 2232.20it/s]
02:58:17 | INFO     | session=86e73a36 save_chunk#72 file=chunk_72_4096.wav samples=4096 rms=0.025560
02:58:17 | INFO     | ✅ 标准音频输入: RMS=0.025560, 时长=0.26s
02:58:17 | INFO     | AGC已应用: 原始RMS=0.003607, 增益=8.32
rtf_avg: -0.000: 100%|████████████████████████████████████████████████████████████████████████████████████████████████████████████████████████████████████████████████████████████████████████████████████████████| 1/1 [00:00<00:00, 2654.62it/s]
02:58:17 | INFO     | session=86e73a36 save_chunk#73 file=chunk_73_4096.wav samples=4096 rms=0.030000
02:58:17 | INFO     | ✅ 标准音频输入: RMS=0.030000, 时长=0.26s
02:58:17 | INFO     | AGC已应用: 原始RMS=0.002848, 增益=10.00
rtf_avg: -0.000: 100%|████████████████████████████████████████████████████████████████████████████████████████████████████████████████████████████████████████████████████████████████████████████████████████████| 1/1 [00:00<00:00, 2273.34it/s]
02:58:17 | INFO     | session=86e73a36 save_chunk#74 file=chunk_74_4096.wav samples=4096 rms=0.028484
02:58:17 | INFO     | ✅ 标准音频输入: RMS=0.028484, 时长=0.26s
02:58:17 | INFO     | AGC已应用: 原始RMS=0.002828, 增益=10.00
rtf_avg: -0.000: 100%|████████████████████████████████████████████████████████████████████████████████████████████████████████████████████████████████████████████████████████████████████████████████████████████| 1/1 [00:00<00:00, 2870.84it/s]
02:58:18 | INFO     | session=86e73a36 save_chunk#75 file=chunk_75_4096.wav samples=4096 rms=0.028284
02:58:18 | INFO     | ✅ 标准音频输入: RMS=0.028284, 时长=0.26s
02:58:18 | INFO     | AGC已应用: 原始RMS=0.002791, 增益=10.00
rtf_avg: -0.000: 100%|████████████████████████████████████████████████████████████████████████████████████████████████████████████████████████████████████████████████████████████████████████████████████████████| 1/1 [00:00<00:00, 2584.29it/s]
02:58:18 | INFO     | session=86e73a36 save_chunk#76 file=chunk_76_4096.wav samples=4096 rms=0.027912
02:58:18 | INFO     | ✅ 标准音频输入: RMS=0.027912, 时长=0.26s
02:58:18 | INFO     | AGC已应用: 原始RMS=0.003014, 增益=9.95
rtf_avg: -0.000: 100%|████████████████████████████████████████████████████████████████████████████████████████████████████████████████████████████████████████████████████████████████████████████████████████████| 1/1 [00:00<00:00, 2475.98it/s]
02:58:18 | INFO     | session=86e73a36 save_chunk#77 file=chunk_77_4096.wav samples=4096 rms=0.030000
02:58:18 | INFO     | ✅ 标准音频输入: RMS=0.030000, 时长=0.26s
02:58:18 | INFO     | AGC已应用: 原始RMS=0.003751, 增益=8.00
rtf_avg: -0.000: 100%|████████████████████████████████████████████████████████████████████████████████████████████████████████████████████████████████████████████████████████████████████████████████████████████| 1/1 [00:00<00:00, 2274.57it/s]
02:58:18 | INFO     | session=86e73a36 save_chunk#78 file=chunk_78_4096.wav samples=4096 rms=0.030000
02:58:18 | INFO     | ✅ 标准音频输入: RMS=0.030000, 时长=0.26s
02:58:18 | INFO     | AGC已应用: 原始RMS=0.003471, 增益=8.64
rtf_avg: -0.000: 100%|████████████████████████████████████████████████████████████████████████████████████████████████████████████████████████████████████████████████████████████████████████████████████████████| 1/1 [00:00<00:00, 2673.23it/s]
02:58:18 | INFO     | session=86e73a36 save_chunk#79 file=chunk_79_4096.wav samples=4096 rms=0.030000
02:58:18 | INFO     | ✅ 标准音频输入: RMS=0.030000, 时长=0.26s
02:58:19 | INFO     | AGC已应用: 原始RMS=0.002994, 增益=10.00
rtf_avg: -0.000: 100%|████████████████████████████████████████████████████████████████████████████████████████████████████████████████████████████████████████████████████████████████████████████████████████████| 1/1 [00:00<00:00, 2534.32it/s]
02:58:19 | INFO     | session=86e73a36 save_chunk#80 file=chunk_80_4096.wav samples=4096 rms=0.029941
02:58:19 | INFO     | ✅ 标准音频输入: RMS=0.029941, 时长=0.26s
02:58:19 | INFO     | AGC已应用: 原始RMS=0.003106, 增益=9.66
rtf_avg: -0.000: 100%|████████████████████████████████████████████████████████████████████████████████████████████████████████████████████████████████████████████████████████████████████████████████████████████| 1/1 [00:00<00:00, 2606.78it/s]
02:58:19 | INFO     | session=86e73a36 save_chunk#81 file=chunk_81_4096.wav samples=4096 rms=0.030000
02:58:19 | INFO     | ✅ 标准音频输入: RMS=0.030000, 时长=0.26s
02:58:19 | INFO     | AGC已应用: 原始RMS=0.003570, 增益=8.40
rtf_avg: -0.000: 100%|████████████████████████████████████████████████████████████████████████████████████████████████████████████████████████████████████████████████████████████████████████████████████████████| 1/1 [00:00<00:00, 2709.50it/s]
02:58:19 | INFO     | session=86e73a36 save_chunk#82 file=chunk_82_4096.wav samples=4096 rms=0.030000
02:58:19 | INFO     | ✅ 标准音频输入: RMS=0.030000, 时长=0.26s
02:58:20 | INFO     | AGC已应用: 原始RMS=0.003094, 增益=9.70
rtf_avg: -0.000: 100%|████████████████████████████████████████████████████████████████████████████████████████████████████████████████████████████████████████████████████████████████████████████████████████████| 1/1 [00:00<00:00, 2639.59it/s]
02:58:20 | INFO     | session=86e73a36 save_chunk#83 file=chunk_83_4096.wav samples=4096 rms=0.030000
02:58:20 | INFO     | ✅ 标准音频输入: RMS=0.030000, 时长=0.26s
rtf_avg: -0.000: 100%|████████████████████████████████████████████████████████████████████████████████████████████████████████████████████████████████████████████████████████████████████████████████████████████| 1/1 [00:00<00:00, 2623.08it/s]
02:58:20 | INFO     | session=86e73a36 save_chunk#84 file=chunk_84_4096.wav samples=4096 rms=0.005438
rtf_avg: -0.000: 100%|████████████████████████████████████████████████████████████████████████████████████████████████████████████████████████████████████████████████████████████████████████████████████████████| 1/1 [00:00<00:00, 2603.54it/s]
02:58:20 | INFO     | session=86e73a36 save_chunk#85 file=chunk_85_4096.wav samples=4096 rms=0.007090
02:58:20 | INFO     | AGC已应用: 原始RMS=0.003415, 增益=8.78
rtf_avg: -0.000: 100%|████████████████████████████████████████████████████████████████████████████████████████████████████████████████████████████████████████████████████████████████████████████████████████████| 1/1 [00:00<00:00, 2554.39it/s]
02:58:20 | INFO     | session=86e73a36 save_chunk#86 file=chunk_86_4096.wav samples=4096 rms=0.030000
02:58:20 | INFO     | ✅ 标准音频输入: RMS=0.030000, 时长=0.26s
02:58:21 | INFO     | AGC已应用: 原始RMS=0.003892, 增益=7.71
rtf_avg: -0.000: 100%|████████████████████████████████████████████████████████████████████████████████████████████████████████████████████████████████████████████████████████████████████████████████████████████| 1/1 [00:00<00:00, 2598.70it/s]
02:58:21 | INFO     | session=86e73a36 save_chunk#87 file=chunk_87_4096.wav samples=4096 rms=0.030000
02:58:21 | INFO     | ✅ 标准音频输入: RMS=0.030000, 时长=0.26s
rtf_avg: -0.000: 100%|████████████████████████████████████████████████████████████████████████████████████████████████████████████████████████████████████████████████████████████████████████████████████████████| 1/1 [00:00<00:00, 2109.81it/s]
02:58:21 | INFO     | session=86e73a36 save_chunk#88 file=chunk_88_4096.wav samples=4096 rms=0.005064
02:58:21 | INFO     | AGC已应用: 原始RMS=0.004847, 增益=6.19
rtf_avg: -0.000: 100%|████████████████████████████████████████████████████████████████████████████████████████████████████████████████████████████████████████████████████████████████████████████████████████████| 1/1 [00:00<00:00, 2133.42it/s]
02:58:21 | INFO     | session=86e73a36 save_chunk#89 file=chunk_89_4096.wav samples=4096 rms=0.030000
02:58:21 | INFO     | ✅ 标准音频输入: RMS=0.030000, 时长=0.26s
02:58:21 | INFO     | AGC已应用: 原始RMS=0.003038, 增益=9.87
rtf_avg: -0.000: 100%|████████████████████████████████████████████████████████████████████████████████████████████████████████████████████████████████████████████████████████████████████████████████████████████| 1/1 [00:00<00:00, 2487.72it/s]
02:58:21 | INFO     | session=86e73a36 save_chunk#90 file=chunk_90_4096.wav samples=4096 rms=0.030000
02:58:21 | INFO     | ✅ 标准音频输入: RMS=0.030000, 时长=0.26s
02:58:22 | INFO     | AGC已应用: 原始RMS=0.003142, 增益=9.55
rtf_avg: -0.000: 100%|████████████████████████████████████████████████████████████████████████████████████████████████████████████████████████████████████████████████████████████████████████████████████████████| 1/1 [00:00<00:00, 2721.81it/s]
02:58:22 | INFO     | session=86e73a36 save_chunk#91 file=chunk_91_4096.wav samples=4096 rms=0.030000
02:58:22 | INFO     | ✅ 标准音频输入: RMS=0.030000, 时长=0.26s
02:58:22 | INFO     | AGC已应用: 原始RMS=0.003590, 增益=8.36
rtf_avg: -0.000: 100%|████████████████████████████████████████████████████████████████████████████████████████████████████████████████████████████████████████████████████████████████████████████████████████████| 1/1 [00:00<00:00, 2441.39it/s]
02:58:22 | INFO     | session=86e73a36 save_chunk#92 file=chunk_92_4096.wav samples=4096 rms=0.030000
02:58:22 | INFO     | ✅ 标准音频输入: RMS=0.030000, 时长=0.26s
rtf_avg: -0.000: 100%|████████████████████████████████████████████████████████████████████████████████████████████████████████████████████████████████████████████████████████████████████████████████████████████| 1/1 [00:00<00:00, 2618.17it/s]
02:58:22 | INFO     | session=86e73a36 save_chunk#93 file=chunk_93_4096.wav samples=4096 rms=0.005712
rtf_avg: -0.000: 100%|████████████████████████████████████████████████████████████████████████████████████████████████████████████████████████████████████████████████████████████████████████████████████████████| 1/1 [00:00<00:00, 2702.52it/s]
02:58:22 | INFO     | session=86e73a36 save_chunk#94 file=chunk_94_4096.wav samples=4096 rms=0.006006
rtf_avg: -0.000: 100%|████████████████████████████████████████████████████████████████████████████████████████████████████████████████████████████████████████████████████████████████████████████████████████████| 1/1 [00:00<00:00, 2924.90it/s]
02:58:23 | INFO     | session=86e73a36 save_chunk#95 file=chunk_95_4096.wav samples=4096 rms=0.005474
02:58:23 | INFO     | AGC已应用: 原始RMS=0.004986, 增益=6.02
rtf_avg: -0.000: 100%|████████████████████████████████████████████████████████████████████████████████████████████████████████████████████████████████████████████████████████████████████████████████████████████| 1/1 [00:00<00:00, 2794.34it/s]
02:58:23 | INFO     | session=86e73a36 save_chunk#96 file=chunk_96_4096.wav samples=4096 rms=0.030000
02:58:23 | INFO     | ✅ 标准音频输入: RMS=0.030000, 时长=0.26s
02:58:23 | INFO     | AGC已应用: 原始RMS=0.003496, 增益=8.58
rtf_avg: -0.000: 100%|████████████████████████████████████████████████████████████████████████████████████████████████████████████████████████████████████████████████████████████████████████████████████████████| 1/1 [00:00<00:00, 2833.99it/s]
02:58:23 | INFO     | session=86e73a36 save_chunk#97 file=chunk_97_4096.wav samples=4096 rms=0.030000
02:58:23 | INFO     | ✅ 标准音频输入: RMS=0.030000, 时长=0.26s
02:58:23 | INFO     | AGC已应用: 原始RMS=0.003594, 增益=8.35
rtf_avg: -0.000: 100%|████████████████████████████████████████████████████████████████████████████████████████████████████████████████████████████████████████████████████████████████████████████████████████████| 1/1 [00:00<00:00, 2725.34it/s]
02:58:23 | INFO     | session=86e73a36 save_chunk#98 file=chunk_98_4096.wav samples=4096 rms=0.030000
02:58:23 | INFO     | ✅ 标准音频输入: RMS=0.030000, 时长=0.26s
02:58:24 | INFO     | AGC已应用: 原始RMS=0.003165, 增益=9.48
rtf_avg: -0.000: 100%|████████████████████████████████████████████████████████████████████████████████████████████████████████████████████████████████████████████████████████████████████████████████████████████| 1/1 [00:00<00:00, 2529.74it/s]
02:58:24 | INFO     | session=86e73a36 save_chunk#99 file=chunk_99_4096.wav samples=4096 rms=0.030000
02:58:24 | INFO     | ✅ 标准音频输入: RMS=0.030000, 时长=0.26s
02:58:24 | INFO     | AGC已应用: 原始RMS=0.003221, 增益=9.31
rtf_avg: -0.000: 100%|████████████████████████████████████████████████████████████████████████████████████████████████████████████████████████████████████████████████████████████████████████████████████████████| 1/1 [00:00<00:00, 2579.52it/s]
02:58:24 | INFO     | session=86e73a36 save_chunk#100 file=chunk_100_4096.wav samples=4096 rms=0.030000
02:58:24 | INFO     | ✅ 标准音频输入: RMS=0.030000, 时长=0.26s
02:58:24 | INFO     | AGC已应用: 原始RMS=0.004575, 增益=6.56
rtf_avg: -0.000: 100%|████████████████████████████████████████████████████████████████████████████████████████████████████████████████████████████████████████████████████████████████████████████████████████████| 1/1 [00:00<00:00, 2761.23it/s]
02:58:24 | INFO     | session=86e73a36 save_chunk#101 file=chunk_101_4096.wav samples=4096 rms=0.030000
02:58:24 | INFO     | ✅ 标准音频输入: RMS=0.030000, 时长=0.26s
rtf_avg: -0.000: 100%|████████████████████████████████████████████████████████████████████████████████████████████████████████████████████████████████████████████████████████████████████████████████████████████| 1/1 [00:00<00:00, 2483.31it/s]
02:58:24 | INFO     | session=86e73a36 save_chunk#102 file=chunk_102_4096.wav samples=4096 rms=0.006193
02:58:25 | INFO     | AGC已应用: 原始RMS=0.003978, 增益=7.54
rtf_avg: -0.000: 100%|████████████████████████████████████████████████████████████████████████████████████████████████████████████████████████████████████████████████████████████████████████████████████████████| 1/1 [00:00<00:00, 2641.25it/s]
02:58:25 | INFO     | session=86e73a36 save_chunk#103 file=chunk_103_4096.wav samples=4096 rms=0.030000
02:58:25 | INFO     | ✅ 标准音频输入: RMS=0.030000, 时长=0.26s
02:58:25 | INFO     | AGC已应用: 原始RMS=0.003223, 增益=9.31
rtf_avg: -0.000: 100%|████████████████████████████████████████████████████████████████████████████████████████████████████████████████████████████████████████████████████████████████████████████████████████████| 1/1 [00:00<00:00, 2464.34it/s]
02:58:25 | INFO     | session=86e73a36 save_chunk#104 file=chunk_104_4096.wav samples=4096 rms=0.030000
02:58:25 | INFO     | ✅ 标准音频输入: RMS=0.030000, 时长=0.26s
rtf_avg: -0.000: 100%|████████████████████████████████████████████████████████████████████████████████████████████████████████████████████████████████████████████████████████████████████████████████████████████| 1/1 [00:00<00:00, 2732.45it/s]
02:58:25 | INFO     | session=86e73a36 save_chunk#105 file=chunk_105_4096.wav samples=4096 rms=0.005072
rtf_avg: -0.000: 100%|████████████████████████████████████████████████████████████████████████████████████████████████████████████████████████████████████████████████████████████████████████████████████████████| 1/1 [00:00<00:00, 2730.67it/s]
02:58:25 | INFO     | session=86e73a36 save_chunk#106 file=chunk_106_4096.wav samples=4096 rms=0.007977
02:58:26 | INFO     | AGC已应用: 原始RMS=0.004374, 增益=6.86
rtf_avg: -0.000: 100%|████████████████████████████████████████████████████████████████████████████████████████████████████████████████████████████████████████████████████████████████████████████████████████████| 1/1 [00:00<00:00, 2678.36it/s]
02:58:26 | INFO     | session=86e73a36 save_chunk#107 file=chunk_107_4096.wav samples=4096 rms=0.030000
02:58:26 | INFO     | ✅ 标准音频输入: RMS=0.030000, 时长=0.26s
rtf_avg: -0.000: 100%|████████████████████████████████████████████████████████████████████████████████████████████████████████████████████████████████████████████████████████████████████████████████████████████| 1/1 [00:00<00:00, 2639.59it/s]
02:58:26 | INFO     | session=86e73a36 save_chunk#108 file=chunk_108_4096.wav samples=4096 rms=0.005120
02:58:26 | INFO     | AGC已应用: 原始RMS=0.004081, 增益=7.35
rtf_avg: -0.000: 100%|████████████████████████████████████████████████████████████████████████████████████████████████████████████████████████████████████████████████████████████████████████████████████████████| 1/1 [00:00<00:00, 2616.53it/s]
02:58:26 | INFO     | session=86e73a36 save_chunk#109 file=chunk_109_4096.wav samples=4096 rms=0.030000
02:58:26 | INFO     | ✅ 标准音频输入: RMS=0.030000, 时长=0.26s
02:58:26 | INFO     | AGC已应用: 原始RMS=0.004966, 增益=6.04
rtf_avg: -0.000: 100%|████████████████████████████████████████████████████████████████████████████████████████████████████████████████████████████████████████████████████████████████████████████████████████████| 1/1 [00:00<00:00, 2671.53it/s]
02:58:26 | INFO     | session=86e73a36 save_chunk#110 file=chunk_110_4096.wav samples=4096 rms=0.030000
02:58:26 | INFO     | ✅ 标准音频输入: RMS=0.030000, 时长=0.26s
02:58:27 | INFO     | AGC已应用: 原始RMS=0.004801, 增益=6.25
rtf_avg: -0.000: 100%|████████████████████████████████████████████████████████████████████████████████████████████████████████████████████████████████████████████████████████████████████████████████████████████| 1/1 [00:00<00:00, 2637.93it/s]
02:58:27 | INFO     | session=86e73a36 save_chunk#111 file=chunk_111_4096.wav samples=4096 rms=0.030000
02:58:27 | INFO     | ✅ 标准音频输入: RMS=0.030000, 时长=0.26s
02:58:27 | INFO     | AGC已应用: 原始RMS=0.004101, 增益=7.32
rtf_avg: -0.000: 100%|████████████████████████████████████████████████████████████████████████████████████████████████████████████████████████████████████████████████████████████████████████████████████████████| 1/1 [00:00<00:00, 2639.59it/s]
02:58:27 | INFO     | session=86e73a36 save_chunk#112 file=chunk_112_4096.wav samples=4096 rms=0.030000
02:58:27 | INFO     | ✅ 标准音频输入: RMS=0.030000, 时长=0.26s
02:58:27 | INFO     | AGC已应用: 原始RMS=0.003474, 增益=8.64
rtf_avg: -0.000: 100%|████████████████████████████████████████████████████████████████████████████████████████████████████████████████████████████████████████████████████████████████████████████████████████████| 1/1 [00:00<00:00, 2928.98it/s]
02:58:27 | INFO     | session=86e73a36 save_chunk#113 file=chunk_113_4096.wav samples=4096 rms=0.030000
02:58:27 | INFO     | ✅ 标准音频输入: RMS=0.030000, 时长=0.26s
02:58:27 | INFO     | AGC已应用: 原始RMS=0.003677, 增益=8.16
rtf_avg: -0.000: 100%|████████████████████████████████████████████████████████████████████████████████████████████████████████████████████████████████████████████████████████████████████████████████████████████| 1/1 [00:00<00:00, 2611.65it/s]
02:58:27 | INFO     | session=86e73a36 save_chunk#114 file=chunk_114_4096.wav samples=4096 rms=0.030000
02:58:27 | INFO     | ✅ 标准音频输入: RMS=0.030000, 时长=0.26s
02:58:28 | INFO     | AGC已应用: 原始RMS=0.003449, 增益=8.70
rtf_avg: -0.000: 100%|████████████████████████████████████████████████████████████████████████████████████████████████████████████████████████████████████████████████████████████████████████████████████████████| 1/1 [00:00<00:00, 2720.04it/s]
02:58:28 | INFO     | session=86e73a36 save_chunk#115 file=chunk_115_4096.wav samples=4096 rms=0.030000
02:58:28 | INFO     | ✅ 标准音频输入: RMS=0.030000, 时长=0.26s
02:58:28 | INFO     | AGC已应用: 原始RMS=0.004290, 增益=6.99
rtf_avg: -0.000: 100%|████████████████████████████████████████████████████████████████████████████████████████████████████████████████████████████████████████████████████████████████████████████████████████████| 1/1 [00:00<00:00, 2644.58it/s]
02:58:28 | INFO     | session=86e73a36 save_chunk#116 file=chunk_116_4096.wav samples=4096 rms=0.030000
02:58:28 | INFO     | ✅ 标准音频输入: RMS=0.030000, 时长=0.26s
02:58:28 | INFO     | AGC已应用: 原始RMS=0.004093, 增益=7.33
rtf_avg: -0.000: 100%|████████████████████████████████████████████████████████████████████████████████████████████████████████████████████████████████████████████████████████████████████████████████████████████| 1/1 [00:00<00:00, 2495.12it/s]
02:58:28 | INFO     | session=86e73a36 save_chunk#117 file=chunk_117_4096.wav samples=4096 rms=0.030000
02:58:28 | INFO     | ✅ 标准音频输入: RMS=0.030000, 时长=0.26s
02:58:29 | INFO     | AGC已应用: 原始RMS=0.004534, 增益=6.62
rtf_avg: -0.000: 100%|████████████████████████████████████████████████████████████████████████████████████████████████████████████████████████████████████████████████████████████████████████████████████████████| 1/1 [00:00<00:00, 2629.66it/s]
02:58:29 | INFO     | session=86e73a36 save_chunk#118 file=chunk_118_4096.wav samples=4096 rms=0.030000
02:58:29 | INFO     | ✅ 标准音频输入: RMS=0.030000, 时长=0.26s
02:58:29 | INFO     | AGC已应用: 原始RMS=0.004166, 增益=7.20
rtf_avg: -0.000: 100%|████████████████████████████████████████████████████████████████████████████████████████████████████████████████████████████████████████████████████████████████████████████████████████████| 1/1 [00:00<00:00, 2513.06it/s]
02:58:29 | INFO     | session=86e73a36 save_chunk#119 file=chunk_119_4096.wav samples=4096 rms=0.030000
02:58:29 | INFO     | ✅ 标准音频输入: RMS=0.030000, 时长=0.26s
02:58:29 | INFO     | AGC已应用: 原始RMS=0.003789, 增益=7.92
rtf_avg: -0.000: 100%|████████████████████████████████████████████████████████████████████████████████████████████████████████████████████████████████████████████████████████████████████████████████████████████| 1/1 [00:00<00:00, 2352.39it/s]
02:58:29 | INFO     | session=86e73a36 save_chunk#120 file=chunk_120_4096.wav samples=4096 rms=0.030000
02:58:29 | INFO     | ✅ 标准音频输入: RMS=0.030000, 时长=0.26s
02:58:30 | INFO     | AGC已应用: 原始RMS=0.004461, 增益=6.73
rtf_avg: -0.000: 100%|████████████████████████████████████████████████████████████████████████████████████████████████████████████████████████████████████████████████████████████████████████████████████████████| 1/1 [00:00<00:00, 2219.21it/s]
02:58:30 | INFO     | session=86e73a36 save_chunk#121 file=chunk_121_4096.wav samples=4096 rms=0.030000
02:58:30 | INFO     | ✅ 标准音频输入: RMS=0.030000, 时长=0.26s
02:58:30 | INFO     | 📊 音频质量报告: 有效率=100.0%, 高质量率=0.0%, 平均RMS=0.021888, 识别成功率=0.0% (总块数:121, 识别尝试:0)
rtf_avg: -0.000: 100%|████████████████████████████████████████████████████████████████████████████████████████████████████████████████████████████████████████████████████████████████████████████████████████████| 1/1 [00:00<00:00, 2592.28it/s]
02:58:30 | INFO     | session=86e73a36 save_chunk#122 file=chunk_122_4096.wav samples=4096 rms=0.007707
02:58:31 | INFO     | AGC已应用: 原始RMS=0.004913, 增益=6.11
rtf_avg: -0.000: 100%|████████████████████████████████████████████████████████████████████████████████████████████████████████████████████████████████████████████████████████████████████████████████████████████| 1/1 [00:00<00:00, 2339.27it/s]
02:58:31 | INFO     | session=86e73a36 save_chunk#123 file=chunk_123_4096.wav samples=4096 rms=0.030000
02:58:31 | INFO     | ✅ 标准音频输入: RMS=0.030000, 时长=0.26s
02:58:31 | INFO     | AGC已应用: 原始RMS=0.003248, 增益=9.24
rtf_avg: -0.000: 100%|████████████████████████████████████████████████████████████████████████████████████████████████████████████████████████████████████████████████████████████████████████████████████████████| 1/1 [00:00<00:00, 2587.48it/s]
02:58:31 | INFO     | session=86e73a36 save_chunk#124 file=chunk_124_4096.wav samples=4096 rms=0.030000
02:58:31 | INFO     | ✅ 标准音频输入: RMS=0.030000, 时长=0.26s
02:58:31 | INFO     | AGC已应用: 原始RMS=0.004072, 增益=7.37
rtf_avg: -0.000: 100%|████████████████████████████████████████████████████████████████████████████████████████████████████████████████████████████████████████████████████████████████████████████████████████████| 1/1 [00:00<00:00, 2432.89it/s]
02:58:31 | INFO     | session=86e73a36 save_chunk#125 file=chunk_125_4096.wav samples=4096 rms=0.030000
02:58:31 | INFO     | ✅ 标准音频输入: RMS=0.030000, 时长=0.26s
rtf_avg: -0.000: 100%|████████████████████████████████████████████████████████████████████████████████████████████████████████████████████████████████████████████████████████████████████████████████████████████| 1/1 [00:00<00:00, 2498.10it/s]
02:58:32 | INFO     | session=86e73a36 save_chunk#126 file=chunk_126_4096.wav samples=4096 rms=0.005626
02:58:32 | INFO     | AGC已应用: 原始RMS=0.003559, 增益=8.43
rtf_avg: -0.000: 100%|████████████████████████████████████████████████████████████████████████████████████████████████████████████████████████████████████████████████████████████████████████████████████████████| 1/1 [00:00<00:00, 2352.39it/s]
02:58:32 | INFO     | session=86e73a36 save_chunk#127 file=chunk_127_4096.wav samples=4096 rms=0.030000
02:58:32 | INFO     | ✅ 标准音频输入: RMS=0.030000, 时长=0.26s
02:58:33 | INFO     | AGC已应用: 原始RMS=0.004742, 增益=6.33
rtf_avg: -0.000: 100%|████████████████████████████████████████████████████████████████████████████████████████████████████████████████████████████████████████████████████████████████████████████████████████████| 1/1 [00:00<00:00, 2528.21it/s]
02:58:33 | INFO     | session=86e73a36 save_chunk#128 file=chunk_128_4096.wav samples=4096 rms=0.030000
02:58:33 | INFO     | ✅ 标准音频输入: RMS=0.030000, 时长=0.26s
02:58:33 | INFO     | 会话86e73a36: 结束实时识别，处理最终结果
02:58:33 | INFO     | session=86e73a36 end requested
02:58:33 | WARNING  | 🔍 [临时识别] 音频文件: /mnt/d/WorkSpace/code/2025/smartvoice/data/temp/final_1758308313307.wav, 大小: 1048620 bytes
02:58:33 | WARNING  | 🔍 [临时识别] 开始ModelScope识别: /mnt/d/WorkSpace/code/2025/smartvoice/data/temp/final_1758308313307.wav
rtf_avg: 0.003: 100%|███████████████████████████████████████████████████████████████████████████████████████████████████████████████████████████████████████████████████████████████████████████████████████████████| 1/1 [00:00<00:00,  9.32it/s]
rtf_avg: 0.062: 100%|███████████████████████████████████████████████████████████████████████████████████████████████████████████████████████████████████████████████████████████████████████████████████████████████| 3/3 [00:00<00:00,  4.85it/s]
rtf_avg: -0.125: 100%|██████████████████████████████████████████████████████████████████████████████████████████████████████████████████████████████████████████████████████████████████████████████████████████████| 1/1 [00:00<00:00,  7.96it/s]
rtf_avg: 0.023, time_speech:  32.768, time_escape: 0.749: 100%|█████████████████████████████████████████████████████████████████████████████████████████████████████████████████████████████████████████████████████| 1/1 [00:00<00:00,  1.32it/s]
02:58:34 | WARNING  | 🔍 [临时识别] 原始结果: [{'key': 'final_1758308313307', 'text': '正在天空中识别出来了，什么东西没有，好像这一次改出喷嚏了，什么东西都没有识别出来吗？', 'timestamp': [[1820, 2000], [2000, 2200], [2200, 2400], [2400, 2620], [2620, 2975], [7760, 7920], [7920, 8160], [8180, 8320], [8320, 8440], [8440, 8640], [8640, 8720], [8720, 8920], [8920, 9020], [9020, 9260], [9260, 9420], [9420, 9745], [12470, 12630], [12630, 12870], [13050, 13250], [13250, 13470], [13470, 13710], [13910, 14150], [14230, 14470], [14630, 14870], [15010, 15250], [15310, 15550], [15590, 15770], [15770, 15990], [15990, 16190], [16190, 16390], [16390, 16570], [16570, 16730], [16730, 16930], [16930, 17070], [17070, 17310], [17330, 17490], [17490, 17730], [17730, 17995]]}]
02:58:34 | WARNING  | 🔍 [临时识别] 结果类型: <class 'list'>
02:58:34 | WARNING  | 🔍 [临时识别] 列表长度: 1
02:58:34 | SUCCESS  | ✅ [临时识别] 成功: '正在天空中识别出来了，什么东西没有，好像这一次改出喷嚏了，什么东西都没有识别出来吗？' (处理时间: 869.4ms)
rtf_avg: 0.712: 100%|███████████████████████████████████████████████████████████████████████████████████████████████████████████████████████████████████████████████████████████████████████████████████████████████| 1/1 [00:00<00:00,  4.66it/s]
02:58:34 | INFO     | 📚 热词管理器加载完成: 静态6个, 动态0个, 用户学习0个
02:58:34 | INFO     | 会话86e73a36: 发送最终句子#1: '嗯', segment_id=86e73a36-1
02:58:34 | INFO     | 🎤 原始音频统计: 1048576 bytes, 524288 样本, 32.77秒, 采样率16000Hz
02:58:34 | INFO     | 💾 原始PCM已保存: /mnt/d/WorkSpace/code/2025/smartvoice/data/temp/session_86e73a36/original_raw.pcm
02:58:34 | ERROR    | 原始WAV生成失败: Object of type float32 is not JSON serializable
02:58:34 | ERROR    | Traceback (most recent call last):