
2025-09-20 00:02:57.857 | ERROR    | save_original_audio_files:1073 | 原始WAV生成失败: Object of type float32 is not JSON serializable

2025-09-20 00:02:57.863 | ERROR    | save_original_audio_files:1075 | Traceback (most recent call last):
  File "/mnt/d/WorkSpace/code/evoice-versions/base/e-voice/server/session.py", line 1058, in save_original_audio_files
    json.dump(audio_stats, f, ensure_ascii=False, indent=2)
  File "/home/nlwu/miniconda3/envs/py312/lib/python3.12/json/__init__.py", line 179, in dump
    for chunk in iterable:
                 ^^^^^^^^
  File "/home/nlwu/miniconda3/envs/py312/lib/python3.12/json/encoder.py", line 432, in _iterencode
    yield from _iterencode_dict(o, _current_indent_level)
  File "/home/nlwu/miniconda3/envs/py312/lib/python3.12/json/encoder.py", line 406, in _iterencode_dict
    yield from chunks
  File "/home/nlwu/miniconda3/envs/py312/lib/python3.12/json/encoder.py", line 439, in _iterencode
    o = _default(o)
        ^^^^^^^^^^^
  File "/home/nlwu/miniconda3/envs/py312/lib/python3.12/json/encoder.py", line 180, in default
    raise TypeError(f'Object of type {o.__class__.__name__} '
TypeError: Object of type float32 is not JSON serializable


2025-09-20 00:02:57.882 | ERROR    | save_original_audio_files:1073 | 原始WAV生成失败: Object of type float32 is not JSON serializable

2025-09-20 00:02:57.883 | ERROR    | save_original_audio_files:1075 | Traceback (most recent call last):
  File "/mnt/d/WorkSpace/code/evoice-versions/base/e-voice/server/session.py", line 1058, in save_original_audio_files
    json.dump(audio_stats, f, ensure_ascii=False, indent=2)
  File "/home/nlwu/miniconda3/envs/py312/lib/python3.12/json/__init__.py", line 179, in dump
    for chunk in iterable:
                 ^^^^^^^^
  File "/home/nlwu/miniconda3/envs/py312/lib/python3.12/json/encoder.py", line 432, in _iterencode
    yield from _iterencode_dict(o, _current_indent_level)
  File "/home/nlwu/miniconda3/envs/py312/lib/python3.12/json/encoder.py", line 406, in _iterencode_dict
    yield from chunks
  File "/home/nlwu/miniconda3/envs/py312/lib/python3.12/json/encoder.py", line 439, in _iterencode
    o = _default(o)
        ^^^^^^^^^^^
  File "/home/nlwu/miniconda3/envs/py312/lib/python3.12/json/encoder.py", line 180, in default
    raise TypeError(f'Object of type {o.__class__.__name__} '
TypeError: Object of type float32 is not JSON serializable


2025-09-20 00:47:34.608 | ERROR    | ws_recognize:319 | 会话f72ae215: WebSocket错误详情:
Traceback (most recent call last):
  File "/mnt/d/WorkSpace/code/evoice-versions/base/e-voice/server/routes/ws.py", line 51, in ws_recognize
    message = ws.receive()
              ^^^^^^^^^^^^
  File "/home/nlwu/miniconda3/envs/py312/lib/python3.12/site-packages/simple_websocket/ws.py", line 104, in receive
    raise ConnectionClosed(self.close_reason, self.close_message)
simple_websocket.errors.ConnectionClosed: Connection closed: 1001 


2025-09-20 00:47:34.609 | ERROR    | ws_recognize:328 | 会话f72ae215: 无法发送错误消息，连接可能已断开

2025-09-20 02:57:54.970 | ERROR    | ws_recognize:319 | 会话d021721b: WebSocket错误详情:
Traceback (most recent call last):
  File "/mnt/d/WorkSpace/code/evoice-versions/base/e-voice/server/routes/ws.py", line 51, in ws_recognize
    message = ws.receive()
              ^^^^^^^^^^^^
  File "/home/nlwu/miniconda3/envs/py312/lib/python3.12/site-packages/simple_websocket/ws.py", line 104, in receive
    raise ConnectionClosed(self.close_reason, self.close_message)
simple_websocket.errors.ConnectionClosed: Connection closed: 1001 


2025-09-20 02:57:54.971 | ERROR    | ws_recognize:328 | 会话d021721b: 无法发送错误消息，连接可能已断开

2025-09-20 02:57:55.061 | ERROR    | save_original_audio_files:1269 | 原始WAV生成失败: Object of type float32 is not JSON serializable

2025-09-20 02:57:55.063 | ERROR    | save_original_audio_files:1271 | Traceback (most recent call last):
  File "/mnt/d/WorkSpace/code/evoice-versions/base/e-voice/server/session.py", line 1254, in save_original_audio_files
    json.dump(audio_stats, f, ensure_ascii=False, indent=2)
  File "/home/nlwu/miniconda3/envs/py312/lib/python3.12/json/__init__.py", line 179, in dump
    for chunk in iterable:
                 ^^^^^^^^
  File "/home/nlwu/miniconda3/envs/py312/lib/python3.12/json/encoder.py", line 432, in _iterencode
    yield from _iterencode_dict(o, _current_indent_level)
  File "/home/nlwu/miniconda3/envs/py312/lib/python3.12/json/encoder.py", line 406, in _iterencode_dict
    yield from chunks
  File "/home/nlwu/miniconda3/envs/py312/lib/python3.12/json/encoder.py", line 439, in _iterencode
    o = _default(o)
        ^^^^^^^^^^^
  File "/home/nlwu/miniconda3/envs/py312/lib/python3.12/json/encoder.py", line 180, in default
    raise TypeError(f'Object of type {o.__class__.__name__} '
TypeError: Object of type float32 is not JSON serializable


2025-09-20 02:58:34.453 | ERROR    | save_original_audio_files:1269 | 原始WAV生成失败: Object of type float32 is not JSON serializable

2025-09-20 02:58:34.455 | ERROR    | save_original_audio_files:1271 | Traceback (most recent call last):
  File "/mnt/d/WorkSpace/code/evoice-versions/base/e-voice/server/session.py", line 1254, in save_original_audio_files
    json.dump(audio_stats, f, ensure_ascii=False, indent=2)
  File "/home/nlwu/miniconda3/envs/py312/lib/python3.12/json/__init__.py", line 179, in dump
    for chunk in iterable:
                 ^^^^^^^^
  File "/home/nlwu/miniconda3/envs/py312/lib/python3.12/json/encoder.py", line 432, in _iterencode
    yield from _iterencode_dict(o, _current_indent_level)
  File "/home/nlwu/miniconda3/envs/py312/lib/python3.12/json/encoder.py", line 406, in _iterencode_dict
    yield from chunks
  File "/home/nlwu/miniconda3/envs/py312/lib/python3.12/json/encoder.py", line 439, in _iterencode
    o = _default(o)
        ^^^^^^^^^^^
  File "/home/nlwu/miniconda3/envs/py312/lib/python3.12/json/encoder.py", line 180, in default
    raise TypeError(f'Object of type {o.__class__.__name__} '
TypeError: Object of type float32 is not JSON serializable


2025-09-20 02:58:34.519 | ERROR    | save_original_audio_files:1269 | 原始WAV生成失败: Object of type float32 is not JSON serializable

2025-09-20 02:58:34.521 | ERROR    | save_original_audio_files:1271 | Traceback (most recent call last):
  File "/mnt/d/WorkSpace/code/evoice-versions/base/e-voice/server/session.py", line 1254, in save_original_audio_files
    json.dump(audio_stats, f, ensure_ascii=False, indent=2)
  File "/home/nlwu/miniconda3/envs/py312/lib/python3.12/json/__init__.py", line 179, in dump
    for chunk in iterable:
                 ^^^^^^^^
  File "/home/nlwu/miniconda3/envs/py312/lib/python3.12/json/encoder.py", line 432, in _iterencode
    yield from _iterencode_dict(o, _current_indent_level)
  File "/home/nlwu/miniconda3/envs/py312/lib/python3.12/json/encoder.py", line 406, in _iterencode_dict
    yield from chunks
  File "/home/nlwu/miniconda3/envs/py312/lib/python3.12/json/encoder.py", line 439, in _iterencode
    o = _default(o)
        ^^^^^^^^^^^
  File "/home/nlwu/miniconda3/envs/py312/lib/python3.12/json/encoder.py", line 180, in default
    raise TypeError(f'Object of type {o.__class__.__name__} '
TypeError: Object of type float32 is not JSON serializable


